node:internal/errors:985
  const err = new Error(message);
              ^

Error: Command failed: C:\Program Files\Google\Chrome\Application\chrome.exe --headless=new --disable-gpu --no-sandbox --hide-scrollbars --user-data-dir=C:\Users\INTEL\AppData\Local\Temp\cprof-interact-7812 --window-size=1400,1000 --virtual-time-budget=10000 --dump-dom http://localhost:8099/interact-probe.html?route=%2Fcontacto%2F&w=1280
    at genericNodeError (node:internal/errors:985:15)
    at wrappedFn (node:internal/errors:539:14)
    at checkExecSyncError (node:child_process:925:11)
    at execFileSync (node:child_process:961:15)
    at run (file:///C:/Users/INTEL/Desktop/sireve-replica/wordpress/interact.mjs:42:12)
    at file:///C:/Users/INTEL/Desktop/sireve-replica/wordpress/interact.mjs:63:15
    at ModuleJob.run (node:internal/modules/esm/module_job:430:25)
    at async onImport.tracePromise.__proto__ (node:internal/modules/esm/loader:661:26)
    at async asyncRunEntryPointWithESMLoader (node:internal/modules/run_main:101:5) {
  status: 4294967295,
  signal: null,
  output: [ null, '', null ],
  pid: 10932,
  stdout: '',
  stderr: null
}

Node.js v24.14.0
